I'm sorry, but errors were detected in your script. Please correct the
errors listed below, and try again.


File "game/script.rpy", line 553: end of line expected.
    hide screen battle_stat()
                           ^

File "game/script.rpy", line 554: end of line expected.
    hide screen player_stat()
                           ^

Ren'Py Version: Ren'Py 8.3.7.25031702
Wed Jan 14 15:53:11 2026
